Real_Time_Situation (
   Generation_Tool    => "MAST Schedulability Analysis, version 1.7.0.0",
   Generation_Profile => "C:\Users\facud\Downloads\mast-bin-win-1-7-0-0\mast_analysis.exe default C:\Users\facud\OneDrive\Documents\GitHub\obdh_proy_26_Facundo_Dalfonso\MAST C:\Users\facud\OneDrive\Documents\GitHub\obdh_proy_26_Facundo_Dalfonso\MAST.out",
   Generation_Date    => 2026-07-01T03:46:08);

Transaction (
   Name     => evfligthctrl,
   Results  => 
       ((Type                          => Timing_Result,
         Event_Name                    => "deadline",
         Num_Of_Suspensions            => 0,
         Worst_Blocking_Time           => 0.000,
         Worst_Global_Response_Times   => 
            ((Referenced_Event => entrada,
              Time_Value       => 0.501530)),
         Best_Global_Response_Times    => 
            ((Referenced_Event => entrada,
              Time_Value       => 0.050102)),
         Jitters                       => 
            ((Referenced_Event => entrada,
              Time_Value       => 0.451428)))));

Transaction (
   Name     => evhk_fdir_evtceventaction_evdronetcinflight,
   Results  => 
       ((Type                          => Timing_Result,
         Event_Name                    => "deadline",
         Num_Of_Suspensions            => 0,
         Worst_Blocking_Time           => 0.000,
         Worst_Global_Response_Times   => 
            ((Referenced_Event => evhk_fdir,
              Time_Value       => 0.513836)),
         Best_Global_Response_Times    => 
            ((Referenced_Event => evhk_fdir,
              Time_Value       => 0.012306)),
         Jitters                       => 
            ((Referenced_Event => evhk_fdir,
              Time_Value       => 0.501530))),
        (Type                          => Timing_Result,
         Event_Name                    => ev_tc_event_action,
         Num_Of_Suspensions            => 0,
         Worst_Blocking_Time           => 0.000,
         Worst_Global_Response_Times   => 
            ((Referenced_Event => evhk_fdir,
              Time_Value       => 0.511642)),
         Best_Global_Response_Times    => 
            ((Referenced_Event => evhk_fdir,
              Time_Value       => 0.010102)),
         Jitters                       => 
            ((Referenced_Event => evhk_fdir,
              Time_Value       => 0.501540))),
        (Type                          => Timing_Result,
         Event_Name                    => ev_drone_tc_in_flight,
         Num_Of_Suspensions            => 0,
         Worst_Blocking_Time           => 0.000,
         Worst_Global_Response_Times   => 
            ((Referenced_Event => evhk_fdir,
              Time_Value       => 0.512834)),
         Best_Global_Response_Times    => 
            ((Referenced_Event => evhk_fdir,
              Time_Value       => 0.011304)),
         Jitters                       => 
            ((Referenced_Event => evhk_fdir,
              Time_Value       => 0.501530)))));

Processing_Resource (
   Name     => leon3,
   Results  => 
       ((Type   => Utilization,
         Total  => 50.20%)));

